TASK1_TRACE_FILES=4
TASK1_MEMORY_JSON=4
TASK2_DATASET_ROWS=2
TASK2_AVERAGE_VALIDATION_MSE=3.0
TASK2_TEST_MSE=0.5
TASK2_MODEL_RELOAD_MAX_ABS_PREDICTION_DELTA=0.0
TASK3_BACKWARD_CMD_UID_COUNT=4
TASK3_RANK0_STEP_MS=22.5
TASK3_FORWARD_MS=6.0
TASK3_BACKWARD_MS=11.0
TASK3_OPTIMIZER_MS=2.5
TASK3_LOAD_S=0.125
TASK3_EXECUTION_S=0.375
TASK3_SIM_WALL_S=0.5
TASK3_PROCESS_WALL_S=0.982038
TASK3_PEAK_RSS_KIB=51732
TASK3_PEAK_RSS_GIB=0.04933548
TESTED_HOST_ALLOCATION_MIB=32
PASS: Task1 capture, shared Task2 predictor, and fresh Task3 simulation formed one verified synthetic chain.
CHAIN_PASS_COUNT=1
EVIDENCE_CLASS=local_synthetic_not_gpu_qualification
EVIDENCE_ROOT=/data/ycfeng/tmp/sc26-ae-fresh-chain.6FMnWr
