Note: switching to '6e06e3f5140cd4e2e7c12a35586ebcdc0f410df0'.

You are in 'detached HEAD' state. You can look around, make experimental
changes and commit them, and you can discard any commits you make in this
state without impacting any branches by switching back to a branch.

If you want to create a new branch to retain commits you create, you may
do so (now or later) by using -c with the switch command. Example:

  git switch -c <new-branch-name>

Or undo this operation with:

  git switch -

Turn off this advice by setting config variable advice.detachedHead to false

[RUN] setup_public_contract
[PASS] setup_public_contract
[RUN] task1_public_entries
[PASS] task1_public_entries
[RUN] task2_public_entries
[PASS] task2_public_entries
[RUN] task3_prebaked_public_entries
[PASS] task3_prebaked_public_entries
[RUN] task1_task2_task3_fresh_chain
[PASS] task1_task2_task3_fresh_chain
PUBLIC_TASK1_ENTRY_COUNT=3
PUBLIC_TASK2_ENTRY_COUNT=3
PUBLIC_TASK3_ENTRY_COUNT=3
SETUP_CONTRACT_CASE_COUNT=6
FRESH_ATOMIC_CHAIN_COUNT=1
OUTER_CLONE_STATUS=clean
ECHO_SUBMODULE_STATUS=clean
SIM_ENGINE_STATUS=clean
COLLECTIVE_SIM_STATUS=clean
EVIDENCE_CLASS=local_synthetic_not_gpu_qualification
REPLAY_ROOT=/data/ycfeng/tmp/sc26-ae-clean-clone-replay.lD8EvQ
PASS: isolated clean-clone-style nine-entry synthetic replay completed.
