RUN_DATE=2026-07-20
COMMAND=bash -n SC26-AE/lib/task1_trace.sh
COMMAND=bash -n tests/unit/test_sc26_ae_task1_d16_timing.sh
COMMAND=bash -n tests/integration/test_sc26_ae_task1_contracts.sh
COMMAND=bash tests/unit/test_sc26_ae_task1_d16_timing.sh
PASS: valid D16 timing metadata
PASS: valid QUICK D16 preflight report
PASS: valid full D16 preflight report
PASS: scope-gate-mismatch preflight report fails closed
PASS: rank-id-float preflight report fails closed
PASS: selected-count-float preflight report fails closed
PASS: estimate-count-float preflight report fails closed
PASS: nonfinite-rank0 preflight report fails closed
PASS: formula-mismatch preflight report fails closed
PASS: wrong-gate-result preflight report fails closed
PASS: wrong-threshold preflight report fails closed
PASS: automatic-fallback preflight report fails closed
PASS: invalid batch provenance fails closed
PASS: preflight provenance copy and binding hash match
PASS: tampered preflight provenance copy fails closed
PASS: intermediate symlink preflight parent fails closed
PASS: manifest accepts the sole copied preflight artifact
PASS: duplicate manifest keys fail closed
PASS: duplicate preflight manifest path fails closed
PASS: exact-threshold D16 gate result
PASS: above-threshold D16 gate result
PASS: GPT timing remains diagnostic and D16-inapplicable
PASS: exact 7200-second threshold remains pass
PASS: estimate above 7200 seconds requires prebaked
PASS: missing-d16-applicability fails closed
PASS: nonboolean-d16-applicability fails closed
PASS: missing-single-rank fails closed
PASS: nonnumeric-single-rank fails closed
PASS: zero-single-rank fails closed
PASS: negative-single-rank fails closed
PASS: mismatched-estimate fails closed
PASS: missing-threshold fails closed
PASS: missing-gate-result fails closed
PASS: noninteger-threshold fails closed
PASS: negative-threshold fails closed
PASS: wrong-gate-result fails closed
PASS: wrong-basis-rank fails closed
PASS: wrong-rank-count fails closed
PASS: gpt-wrong-rank-count fails closed
PASS: gpt-gate-fields-present fails closed
PASS: moe-not-applicable fails closed
PASS: unknown-model fails closed
PASS: rank-0 elapsed time is derived from the measured interval
PASS: malformed rank timing fails closed
PASS: duplicate-rank rank timing fails closed
PASS: zero-interval rank timing fails closed
PASS: inconsistent-interval rank timing fails closed
PASS: inventory-mismatch rank timing fails closed
PASS: missing-rank-zero rank timing fails closed
PASS_COUNT=49
