$ bash -n SC26-AE/lib/task1_trace.sh
EXIT=0
$ bash -n tests/unit/test_sc26_ae_task1_d16_timing.sh
EXIT=0
$ bash -n tests/integration/test_sc26_ae_task1_contracts.sh
EXIT=0
$ bash -n tests/e2e/test_sc26_ae_fresh_chain.sh
EXIT=0
$ bash -n tests/e2e/test_sc26_ae_clean_clone_replay.sh
EXIT=0
$ git diff --check
EXIT=0
$ git -C Echo-slowdown status --porcelain --untracked-files=all

EXIT=0
$ bash tests/unit/test_sc26_ae_task1_source_provenance.sh
PASS_COUNT=2
EXIT=0
$ bash tests/unit/test_sc26_ae_task1_d16_timing.sh
PASS: valid D16 timing metadata
PASS: GPT timing remains diagnostic and D16-inapplicable
PASS: exact 7200-second threshold remains pass
PASS: estimate above 7200 seconds requires prebaked
PASS: missing-d16-applicability fails closed
PASS: nonboolean-d16-applicability fails closed
PASS: missing-single-rank fails closed
PASS: nonnumeric-single-rank fails closed
PASS: zero-single-rank fails closed
PASS: negative-single-rank fails closed
PASS: mismatched-estimate fails closed
PASS: missing-threshold fails closed
PASS: missing-gate-result fails closed
PASS: noninteger-threshold fails closed
PASS: negative-threshold fails closed
PASS: wrong-gate-result fails closed
PASS: wrong-basis-rank fails closed
PASS: wrong-rank-count fails closed
PASS: gpt-wrong-rank-count fails closed
PASS: gpt-gate-fields-present fails closed
PASS: moe-not-applicable fails closed
PASS: unknown-model fails closed
PASS: rank-0 elapsed time is derived from the measured interval
PASS: malformed rank timing fails closed
PASS: duplicate-rank rank timing fails closed
PASS: zero-interval rank timing fails closed
PASS: inconsistent-interval rank timing fails closed
PASS: inventory-mismatch rank timing fails closed
PASS: missing-rank-zero rank timing fails closed
PASS_COUNT=29
EXIT=0
$ bash tests/integration/test_sc26_ae_task1_contracts.sh
PASS: missing batch contract fails before real torchrun
PASS: malformed batch contract fails before real torchrun
PASS: conflicting batch contract fails before real torchrun
PASS: frozen full/QUICK rank scopes and capture scopes
PASS: Task1 evidence class is explicit and never self-promotes
PASS: Task1 rejects non-decimal GPU selectors before workload execution
PASS: missing-timing D16 timing input fails closed
PASS: nonnumeric-timing D16 timing input fails closed
PASS: zero-timing D16 timing input fails closed
PASS: negative-timing D16 timing input fails closed
PASS: three Task1 entries produce isolated verified mock bundles
PASS: adapter enforces bf16, mock data, overlap, trace memory, and warmup/profile
PASS: one Nsight invocation wraps the complete selected-rank source loop
PASS: source failure leaves the partial run unverified and publishes no marker
PASS: missing-forward-step trace semantics fail before marker publication
PASS: missing-backward-step trace semantics fail before marker publication
PASS: missing-optimizer-step trace semantics fail before marker publication
PASS: missing-backward-cmd-uid trace semantics fail before marker publication
PASS: missing-backward-timestamp trace semantics fail before marker publication
PASS: missing-backward-duration trace semantics fail before marker publication
PASS: missing-backward-mg-state trace semantics fail before marker publication
PASS: missing-backward-stage-id trace semantics fail before marker publication
PASS: missing-backward-batch-id trace semantics fail before marker publication
PASS: missing-ddp-trigger trace semantics fail before marker publication
PASS: empty-payload memory semantics fail before marker publication
PASS: empty-samples memory semantics fail before marker publication
PASS: nan-peak memory semantics fail before marker publication
PASS: inf-peak memory semantics fail before marker publication
PASS: zero-peak memory semantics fail before marker publication
PASS: negative-reserved memory semantics fail before marker publication
PASS: negative-allocated memory semantics fail before marker publication
PASS: all-zero-samples memory semantics fail before marker publication
PASS: missing-rank memory semantics fail before marker publication
PASS: duplicate-rank memory semantics fail before marker publication
PASS: existing run destinations are never reused
PASS_COUNT=35
EXIT=0
$ bash tests/integration/test_sc26_ae_task3_contract.sh
PASS: prebaked resolver remains portable and emits every explicit schedule/simulator flag
PASS: rank0 report, provenance, outer manifest, and verified marker close in order
PASS: underspecified schedule fails exact microbatch validation before simulator execution
PASS: PP schedule shape mismatch fails before simulator execution
PASS: PP schedule dtype mismatch fails before simulator execution
PASS: missing PP schedule records fail before simulator execution
PASS: existing simulation_run_id fails without stale-output or marker reuse
PASS: prebaked checksum corruption fails before simulator execution and marker publication
PASS: fresh builder root-cause exit status propagates unchanged without fallback
PASS: missing exact optimizer metric fails report validation and marker publication
PASS_COUNT=10
EVIDENCE_CLASS=local_synthetic_not_gpu_qualification
EVIDENCE_ROOT=/data/ycfeng/tmp/sc26-ae-task3-integration.BfBSZ9
EXIT=0
$ bash tests/e2e/test_sc26_ae_task1_smoke.sh
EVIDENCE_CLASS=local_synthetic_not_gpu_qualification
REAL_GPU_WORKLOAD_COUNT=0
PASS: missing batch contract fails before real torchrun
PASS: malformed batch contract fails before real torchrun
PASS: conflicting batch contract fails before real torchrun
PASS: frozen full/QUICK rank scopes and capture scopes
PASS: Task1 evidence class is explicit and never self-promotes
PASS: Task1 rejects non-decimal GPU selectors before workload execution
PASS: missing-timing D16 timing input fails closed
PASS: nonnumeric-timing D16 timing input fails closed
PASS: zero-timing D16 timing input fails closed
PASS: negative-timing D16 timing input fails closed
PASS: three Task1 entries produce isolated verified mock bundles
PASS: adapter enforces bf16, mock data, overlap, trace memory, and warmup/profile
PASS: one Nsight invocation wraps the complete selected-rank source loop
PASS: source failure leaves the partial run unverified and publishes no marker
PASS: missing-forward-step trace semantics fail before marker publication
PASS: missing-backward-step trace semantics fail before marker publication
PASS: missing-optimizer-step trace semantics fail before marker publication
PASS: missing-backward-cmd-uid trace semantics fail before marker publication
PASS: missing-backward-timestamp trace semantics fail before marker publication
PASS: missing-backward-duration trace semantics fail before marker publication
PASS: missing-backward-mg-state trace semantics fail before marker publication
PASS: missing-backward-stage-id trace semantics fail before marker publication
PASS: missing-backward-batch-id trace semantics fail before marker publication
PASS: missing-ddp-trigger trace semantics fail before marker publication
PASS: empty-payload memory semantics fail before marker publication
PASS: empty-samples memory semantics fail before marker publication
PASS: nan-peak memory semantics fail before marker publication
PASS: inf-peak memory semantics fail before marker publication
PASS: zero-peak memory semantics fail before marker publication
PASS: negative-reserved memory semantics fail before marker publication
PASS: negative-allocated memory semantics fail before marker publication
PASS: all-zero-samples memory semantics fail before marker publication
PASS: missing-rank memory semantics fail before marker publication
PASS: duplicate-rank memory semantics fail before marker publication
PASS: existing run destinations are never reused
PASS_COUNT=35
PASS: all public Task1 entries satisfy the local synthetic smoke contract.
SMOKE_PASS_COUNT=1
EXIT=0
$ bash tests/e2e/test_sc26_ae_fresh_chain.sh
TASK1_TRACE_FILES=4
TASK1_MEMORY_JSON=4
TASK2_DATASET_ROWS=2
TASK2_AVERAGE_VALIDATION_MSE=3.0
TASK2_TEST_MSE=0.5
TASK2_MODEL_RELOAD_MAX_ABS_PREDICTION_DELTA=0.0
TASK3_BACKWARD_CMD_UID_COUNT=4
TASK3_RANK0_STEP_MS=22.5
TASK3_FORWARD_MS=6.0
TASK3_BACKWARD_MS=11.0
TASK3_OPTIMIZER_MS=2.5
TASK3_LOAD_S=0.125
TASK3_EXECUTION_S=0.375
TASK3_SIM_WALL_S=0.5
TASK3_PROCESS_WALL_S=0.954087
TASK3_PEAK_RSS_KIB=51528
TASK3_PEAK_RSS_GIB=0.04914093
TESTED_HOST_ALLOCATION_MIB=32
PASS: Task1 capture, shared Task2 predictor, and fresh Task3 simulation formed one verified synthetic chain.
CHAIN_PASS_COUNT=1
EVIDENCE_CLASS=local_synthetic_not_gpu_qualification
EVIDENCE_ROOT=/data/ycfeng/tmp/sc26-ae-fresh-chain.rSRT1u
EXIT=0
$ bash tests/e2e/test_sc26_ae_clean_clone_replay.sh
Note: switching to '6e06e3f5140cd4e2e7c12a35586ebcdc0f410df0'.

You are in 'detached HEAD' state. You can look around, make experimental
changes and commit them, and you can discard any commits you make in this
state without impacting any branches by switching back to a branch.

If you want to create a new branch to retain commits you create, you may
do so (now or later) by using -c with the switch command. Example:

  git switch -c <new-branch-name>

Or undo this operation with:

  git switch -

Turn off this advice by setting config variable advice.detachedHead to false

[RUN] setup_public_contract
[PASS] setup_public_contract
[RUN] task1_public_entries
[PASS] task1_public_entries
[RUN] task2_public_entries
[PASS] task2_public_entries
[RUN] task3_prebaked_public_entries
[PASS] task3_prebaked_public_entries
[RUN] task1_task2_task3_fresh_chain
[PASS] task1_task2_task3_fresh_chain
PUBLIC_TASK1_ENTRY_COUNT=3
PUBLIC_TASK2_ENTRY_COUNT=3
PUBLIC_TASK3_ENTRY_COUNT=3
SETUP_CONTRACT_CASE_COUNT=6
FRESH_ATOMIC_CHAIN_COUNT=1
OUTER_CLONE_STATUS=clean
ECHO_SUBMODULE_STATUS=clean
SIM_ENGINE_STATUS=clean
COLLECTIVE_SIM_STATUS=clean
EVIDENCE_CLASS=local_synthetic_not_gpu_qualification
REPLAY_ROOT=/data/ycfeng/tmp/sc26-ae-clean-clone-replay.0vg0sF
PASS: isolated clean-clone-style nine-entry synthetic replay completed.
EXIT=0
$ python -m pytest -q artifact/sealer/package subset
........................................................................ [ 76%]
......................                                                   [100%]
94 passed in 49.60s
EXIT=0
