PASS: valid D16 timing metadata
PASS: GPT timing remains diagnostic and D16-inapplicable
PASS: exact 7200-second threshold remains pass
PASS: estimate above 7200 seconds requires prebaked
PASS: missing-d16-applicability fails closed
PASS: nonboolean-d16-applicability fails closed
PASS: missing-single-rank fails closed
PASS: nonnumeric-single-rank fails closed
PASS: zero-single-rank fails closed
PASS: negative-single-rank fails closed
PASS: mismatched-estimate fails closed
PASS: missing-threshold fails closed
PASS: missing-gate-result fails closed
PASS: noninteger-threshold fails closed
PASS: negative-threshold fails closed
PASS: wrong-gate-result fails closed
PASS: wrong-basis-rank fails closed
PASS: wrong-rank-count fails closed
PASS: gpt-wrong-rank-count fails closed
PASS: gpt-gate-fields-present fails closed
PASS: moe-not-applicable fails closed
PASS: unknown-model fails closed
PASS: rank-0 elapsed time is derived from the measured interval
PASS: malformed rank timing fails closed
PASS: duplicate-rank rank timing fails closed
PASS: zero-interval rank timing fails closed
PASS: inconsistent-interval rank timing fails closed
PASS: inventory-mismatch rank timing fails closed
PASS: missing-rank-zero rank timing fails closed
PASS_COUNT=29
