SESSION47_FINAL_VERIFICATION_V21=START
DOC_CONTRACT_STATUS=PASS
PUBLIC_ENTRY_COUNT=9
PAPER_SUGGESTION_COUNT=10
ARTIFACT_HASH path=SC26-AE/lib/task3_simulation.sh bytes=66103 sha256=16945393e37554b921d9b9f534fcf33e9f35ace89e7a541d1e344f2461aba701
ARTIFACT_HASH path=tests/integration/test_sc26_ae_task3_portability.sh bytes=16746 sha256=07b816a32a8b275d81f96be158b2e262b4d85f5dd23a4979e644c6b2857a9695
ARTIFACT_HASH path=tests/e2e/test_sc26_ae_clean_clone_replay.sh bytes=7673 sha256=82a13c7e1236c09d239b9ae6c18a20e60b978d418614c91e1d076a1c168621d6
ARTIFACT_HASH path=SC26-AE/lib/task1_trace.sh bytes=50195 sha256=0296377f9074951e9ed794c2370cccee388f1c4a06282927e8f75d754734f6fd
ARTIFACT_HASH path=tests/integration/test_sc26_ae_task1_contracts.sh bytes=33522 sha256=96a8aa5e38825d919f7db03a8b4d3baab5f0ebbf29cded1bfdd261a3a6d41e43
ARTIFACT_HASH path=SC26-AE/tools/package_prebaked.py bytes=46697 sha256=2407906f0e6596e6ecb11df46601abc101a7e06c9567ca2dfcd8762cf7645f57
ARTIFACT_HASH path=tests/unit/test_sc26_ae_package_prebaked.py bytes=34279 sha256=ee3d4660edf7e398292d8291fc0b3629758ebabda290cf2ec65e316b411de416
DOCUMENT_HASH path=task_memory/task_2026-07-15_sc26_ae_workflow/plan.md bytes=167079 sha256=5dd3e1f18e4cc1c76e7359c9c14f31aa8d85e0232fe877de73b196dafb9818e7
DOCUMENT_HASH path=task_memory/task_2026-07-15_sc26_ae_workflow/progress.md bytes=241505 sha256=c25e86df06357f36b72d4aa49602da146abad49202c5b5018a9f870853af7534
DOCUMENT_HASH path=task_memory/task_2026-07-15_sc26_ae_workflow/issues.md bytes=111848 sha256=b7d96186d5623b90e888235c5c9894e30ece4dfacc92df21264993425653cb54
DOCUMENT_HASH path=task_memory/task_2026-07-15_sc26_ae_workflow/review.md bytes=196226 sha256=7d7c7f6da28af43284fbf15981165d253a5e0312a979920d21f28ad2bc755e9f
DOCUMENT_HASH path=task_memory/task_2026-07-15_sc26_ae_workflow/notes.md bytes=34689 sha256=7ff9a3b2db97a2f1b4975b9205ff626f64be6f37773814defc03a8fba7b6ed57
DOCUMENT_HASH path=task_memory/task_2026-07-15_sc26_ae_workflow/harness.md bytes=16420 sha256=9f740832954e852ae360eadc90624ff28cb0d71ac628396ac058888c7daf0654
DOCUMENT_HASH path=task_memory/task_2026-07-15_sc26_ae_workflow/future.md bytes=4198 sha256=0d775ccfadd3a0c6ac72d23931a90ea88d91fe74ef2802ec3dd57a6bfb7a3641
DOCUMENT_HASH path=task_memory/task_2026-07-15_sc26_ae_workflow/phase10_control_plane_audit_2026-07-19.md bytes=13423 sha256=3cab43bda53b48ad4be5bb93a2888287fa360d1856933d45a7df333e02690471
DOCUMENT_HASH path=task_memory/task_2026-07-15_sc26_ae_workflow/test_report_2026-07-19_session45_control_plane_audit.md bytes=14152 sha256=9bc83d7af4e44a49ab6a3239c99cde2a689acf8a765f7f3ed51012b7d3745ae3
DOCUMENT_HASH path=task_memory/task_2026-07-15_sc26_ae_workflow/test_report_2026-07-19_bounded_validator_repairs.md bytes=17856 sha256=3ee292ecade27a265842c398717efd1acbee2f4961f11b51e5bc495c1a6f7385
ARTIFACT_COUNT=7
DOCUMENT_COUNT=10
SUPPLEMENTAL_HASH name=test_report_2026-07-19_task2_canonical_containment.md bytes=16247 sha256=fbdc17327598e743d46ee37f63187015775b54566ad7d2fdfcdc85d0503b11a8
SUPPLEMENTAL_HASH name=test_report_2026-07-19_i52_rank_gate.md bytes=11779 sha256=d58d03aad60ba545f45ffc6682f1e9c5f5c7c85ae8a7ce3c796bc7d1272a0939
SUPPLEMENTAL_HASH name=session47-post-agent-package-artifact-20260720.log bytes=247 sha256=013f8ac894e6ee0c989cbbe6cab74217ddf8c01f90c4e1b4ed57fec24110cf56
SUPPLEMENTAL_HASH name=session47-post-agent-task1-20260720.log bytes=2176 sha256=d79a1f0fc98e97b21626d44f39c265d88aa316a46f8fb42341e0712d0eac9060
SUPPLEMENTAL_HASH name=session47-post-agent-full-e2e-20260720.log bytes=4040 sha256=8b524467418b574b65dc20036d5d9b772565f175a1389ec04ed8fd4ffe620b84
SUPPLEMENTAL_HASH name=session47-post-agent-sc26-unit-20260720.log bytes=197 sha256=9384686630dc735f6be4352f2359afe3d22a194299a34bb91da67744860b41b5
SUPPLEMENTAL_HASH name=session47-post-agent-nongpu-unit-20260720.log bytes=198 sha256=59ec80e40e3243874e61c282e0f919143c7a7a24a63a30c73543b0fa44020eae
SUPPLEMENTAL_HASH name=session47-post-agent-full-unit-20260720.log bytes=21721 sha256=822d20aaf8e667201ffd0ca42db9884fa20477161b42214f3d401fc7c7692e72
SUPPLEMENTAL_HASH name=session47-post-agent-static-scope-corrected-20260720.log bytes=127 sha256=c6b210eb8e1f8d1850ce95496ad08081212ab558775e76bc1b5405cbbaa75e34
SUPPLEMENTAL_HASH name=session47-post-agent-docs-contract-20260720.log bytes=91 sha256=6a1f69b8a0c281ab8fdc62ae8e99c177dab0588542a15b74e4a4bc6134537210
SUPPLEMENTAL_HASH name=session46-task2-independent-integration-20260719.log bytes=1086 sha256=7b2bbea97c816110d050067a754033b915bf9f150f5eda84fcecaecb19eb718d
SUPPLEMENTAL_HASH name=session46-task2-independent-smoke-20260719.log bytes=1145 sha256=7dc98413038c9ab89b8f4656f5d0fd6eb2691cc5e6f7d8311e27f13be358c358
SUPPLEMENTAL_HASH name=session46-fresh-chain-independent-20260719.log bytes=789 sha256=3b230e159ea0c34d21f1bbf943dcf72e69c715e9e101edf1dbdcc33ef6ae815c
SUPPLEMENTAL_HASH name=session46-clean-clone-independent-20260719.log bytes=1408 sha256=0e64fa6439a1380808304a91507affd477928c29a017c87c5335a354bffcabc0
SUPPLEMENTAL_HASH name=session46-independent-full-regression-20260719.log bytes=23476 sha256=a01816d3416045865c2476e3ddf6c2bb4c785068d72f2f69317a0ac69d680d8e
SUPPLEMENTAL_HASH name=session46-final-verification-v20.log bytes=4704 sha256=16a8d539f2f324861eac1836c3cec87271dbc5653383e016cc404ba41d9eab9a
SUPPLEMENTAL_HASH name=session46-final-verification-v20-rerun.log bytes=4173 sha256=85c710c085c43ef7e43919316805903c9a64603f486e33479b7d1aa70f9cd047
SUPPLEMENTAL_HASH name=test_report_2026-07-20_i54_qualified_evidence_predicate.md bytes=6916 sha256=420b78e9d6febe653b8dee5538512bb76eae153899ee62b00865a0cf1cb53049
SUPPLEMENTAL_HASH name=session48-task2-regression-20260720.log bytes=2725 sha256=eb3fed5ebe37ee498eee37347285caa2ac1b640a4e786a476f9d76c0dd14da79
SUPPLEMENTAL_HASH name=test_report_2026-07-20_i55_interpreter_chain.md bytes=13723 sha256=67e34191f8c74e13a2faa9bc64899d5c0aa14997a1d66490ca646d1532d6bfa7
SUPPLEMENTAL_HASH name=i53-d16-model-aware-red-20260720.log bytes=129 sha256=cc753674701a70b68a1de453e40ef6808884580fdd6cc3d26c1365556975ccea
SUPPLEMENTAL_HASH name=i53-d16-model-aware-green-unit-20260720.log bytes=1256 sha256=8d412b844d392055e40bb5292b23915951c48d48f4c16722eed6ae5143052e13
SUPPLEMENTAL_HASH name=i53-d16-model-aware-green-integration-20260720.log bytes=2381 sha256=2a32a75a52a9782ad45317e949ea7ca2ac0139861e444bc1df641bb473803594
SUPPLEMENTAL_HASH name=i53-d16-regression-matrix-20260720.log bytes=5212 sha256=730e0d6df02318b04c0fea900411e7bd4be932231b4ad0932a74c16f17df3d51
SUPPLEMENTAL_HASH name=i53-final-local-verification-20260720.log bytes=10193 sha256=b94f3c9d61f13641e7564ad2c27ec122d11d8d02fcb09ebb5b26970f2245b586
SUPPLEMENTAL_HASH name=i53-d16-clean-clone-20260720.log bytes=1322 sha256=3da55b746a0d18f7b7cef9a87f48f759e269af9e0c3406156cf63e7425d32874
SUPPLEMENTAL_HASH name=i53-d16-fresh-chain-20260720.log bytes=702 sha256=8fb7d019086c62792ef4b0d88a566159c9c9d22e463ac36940f0e22b12c3da26
SUPPLEMENTAL_HASH name=i53-d16-task1-smoke-20260720.log bytes=2554 sha256=06583f330037abb47f6dcddbb683037e7bcb84b735b66bbd9d1b82f9426f4ae0
SUPPLEMENTAL_HASH name=test_report_2026-07-20_i53_d16_timing.md bytes=10173 sha256=a9402f4856ffb2686a610fadf0c605a675098afb73f0fa566000f4a7fa513742
SUPPLEMENTAL_HASH name=i55-final-regression-20260720.log bytes=8613 sha256=b6859ea9508328c664ec81e6906051759c97b2b3dae9d33fd958a49c87b6bd2b
SUPPLEMENTAL_HASH name=i55-coherent-canonical-red-20260720.log bytes=313 sha256=7a8f6a130e6976bdf5ceb326653ebb590c86003c8e84faec66757c6e47d2e087
SUPPLEMENTAL_HASH name=i55-coherent-canonical-green-20260720.log bytes=1177 sha256=2896476173e78a8d9a5db52cb5d48fa9a342a76ffb308698ec61ce08d4b2da81
SUPPLEMENTAL_HASH name=i55-reuse-duplicate-red-20260720.log bytes=60 sha256=8c49e2a71a200c332f1e452f13bdf0745427866067a480e5b323d0372d499a42
SUPPLEMENTAL_HASH name=i55-reuse-duplicate-green-20260720.log bytes=13 sha256=2a37c8d41b8bf0edc757526a84a8a2b84f0e99a2c908bc4c78fa13e2a9c315f6
SUPPLEMENTAL_HASH name=i55-sidecar-no-arg-red-20260720-v2.log bytes=299 sha256=81eede81977e32398e59d968e4ff25451a38b9c207c6fd75a282b579b67cb5a1
SUPPLEMENTAL_HASH name=i55-sidecar-no-arg-green-20260720.log bytes=1574 sha256=6bc085d6bcd9eea759c3a30bb919e129d068fcfdfcb534fdee2a39c380f3dc66
SUPPLEMENTAL_HASH name=i55-sidecar-verifier-red-20260720.log bytes=232 sha256=c1c3b5984c2909cec2d47afdd18f5a79d9870faa35bcd70a6aefe627fbc1d358V21_VERIFY_FAIL: shell scope count=53, expected 52

SUPPLEMENTAL_HASH name=i55-sidecar-verifier-green-attempt2-20260720.log bytes=192 sha256=ef85b18bb3020003c6811a1dc4fbd133d49ed34f50ee9701536164b7ffc71375
SUPPLEMENTAL_HASH name=i55-sidecar-tamper-green-20260720.log bytes=853 sha256=658fd5f4413a0083f7aeae9bb976cdeb5fd0528ddf23e1ada291b43312cf1e89
SUPPLEMENTAL_HASH name=i55-nested-interpreter-red-20260720.log bytes=1431 sha256=0551da75f50e9801e875ba55ab036ce31b42c54d187c2239766da2050ac551f4
SUPPLEMENTAL_COUNT=40
ISSUE_HEADINGS_I50_I58=PASS
V21_STATUS=PASS
STATUS_BOUNDARY=PASS
V21_VERIFIER_IDENTITY=PASS path=task_memory/task_2026-07-15_sc26_ae_workflow/logs/i55-v21-candidate-20260720.log bytes=8401 sha256=8d3c15d5af93a5a1af62ff0b23f0074ea8bdbab5a045285d9d8ab1b9dbffb1ef
EVIDENCE_MARKERS=PASS
TASK1_TRACE_FILES=4
TASK1_MEMORY_JSON=4
TASK2_DATASET_ROWS=2
TASK2_AVERAGE_VALIDATION_MSE=3.0
TASK2_TEST_MSE=0.5
TASK2_MODEL_RELOAD_MAX_ABS_PREDICTION_DELTA=0.0
TASK3_RANK0_STEP_MS=22.5
TASK3_FORWARD_MS=6.0
TASK3_BACKWARD_MS=11.0
TASK3_OPTIMIZER_MS=2.5
TASK3_SIM_WALL_S=0.5
CUDA_ONLY_FULL_UNIT_FAILURES=6
V21_RED_RC=1
