
$ source_provenance bash tests/unit/test_sc26_ae_task1_source_provenance.sh
PASS_COUNT=2

$ d16_unit bash tests/unit/test_sc26_ae_task1_d16_timing.sh
PASS: valid D16 timing metadata
PASS: GPT timing remains diagnostic and D16-inapplicable
PASS: exact 7200-second threshold remains pass
PASS: estimate above 7200 seconds requires prebaked
PASS: missing-d16-applicability fails closed
PASS: nonboolean-d16-applicability fails closed
PASS: missing-single-rank fails closed
PASS: nonnumeric-single-rank fails closed
PASS: zero-single-rank fails closed
PASS: negative-single-rank fails closed
PASS: mismatched-estimate fails closed
PASS: missing-threshold fails closed
PASS: missing-gate-result fails closed
PASS: noninteger-threshold fails closed
PASS: negative-threshold fails closed
PASS: wrong-gate-result fails closed
PASS: wrong-basis-rank fails closed
PASS: wrong-rank-count fails closed
PASS: gpt-wrong-rank-count fails closed
PASS: gpt-gate-fields-present fails closed
PASS: moe-not-applicable fails closed
PASS: unknown-model fails closed
PASS: rank-0 elapsed time is derived from the measured interval
PASS: malformed rank timing fails closed
PASS: duplicate-rank rank timing fails closed
PASS: zero-interval rank timing fails closed
PASS: inconsistent-interval rank timing fails closed
PASS: inventory-mismatch rank timing fails closed
PASS: missing-rank-zero rank timing fails closed
PASS_COUNT=29

$ task1_integration bash tests/integration/test_sc26_ae_task1_contracts.sh
PASS: missing batch contract fails before real torchrun
PASS: malformed batch contract fails before real torchrun
PASS: conflicting batch contract fails before real torchrun
PASS: frozen full/QUICK rank scopes and capture scopes
PASS: Task1 evidence class is explicit and never self-promotes
PASS: Task1 rejects non-decimal GPU selectors before workload execution
PASS: missing-timing D16 timing input fails closed
PASS: nonnumeric-timing D16 timing input fails closed
PASS: zero-timing D16 timing input fails closed
PASS: negative-timing D16 timing input fails closed
PASS: three Task1 entries produce isolated verified mock bundles
PASS: adapter enforces bf16, mock data, overlap, trace memory, and warmup/profile
PASS: one Nsight invocation wraps the complete selected-rank source loop
PASS: source failure leaves the partial run unverified and publishes no marker
PASS: missing-forward-step trace semantics fail before marker publication
PASS: missing-backward-step trace semantics fail before marker publication
PASS: missing-optimizer-step trace semantics fail before marker publication
PASS: missing-backward-cmd-uid trace semantics fail before marker publication
PASS: missing-backward-timestamp trace semantics fail before marker publication
PASS: missing-backward-duration trace semantics fail before marker publication
PASS: missing-backward-mg-state trace semantics fail before marker publication
PASS: missing-backward-stage-id trace semantics fail before marker publication
PASS: missing-backward-batch-id trace semantics fail before marker publication
PASS: missing-ddp-trigger trace semantics fail before marker publication
PASS: empty-payload memory semantics fail before marker publication
PASS: empty-samples memory semantics fail before marker publication
PASS: nan-peak memory semantics fail before marker publication
PASS: inf-peak memory semantics fail before marker publication
PASS: zero-peak memory semantics fail before marker publication
PASS: negative-reserved memory semantics fail before marker publication
PASS: negative-allocated memory semantics fail before marker publication
PASS: all-zero-samples memory semantics fail before marker publication
PASS: missing-rank memory semantics fail before marker publication
PASS: duplicate-rank memory semantics fail before marker publication
PASS: existing run destinations are never reused
PASS_COUNT=35

$ task3_contract bash tests/integration/test_sc26_ae_task3_contract.sh
PASS: prebaked resolver remains portable and emits every explicit schedule/simulator flag
PASS: rank0 report, provenance, outer manifest, and verified marker close in order
PASS: underspecified schedule fails exact microbatch validation before simulator execution
PASS: PP schedule shape mismatch fails before simulator execution
PASS: PP schedule dtype mismatch fails before simulator execution
PASS: missing PP schedule records fail before simulator execution
PASS: existing simulation_run_id fails without stale-output or marker reuse
PASS: prebaked checksum corruption fails before simulator execution and marker publication
PASS: fresh builder root-cause exit status propagates unchanged without fallback
PASS: missing exact optimizer metric fails report validation and marker publication
PASS_COUNT=10
EVIDENCE_CLASS=local_synthetic_not_gpu_qualification
EVIDENCE_ROOT=/data/ycfeng/tmp/sc26-ae-task3-integration.ZvIh61

$ artifact_sealer_package pytest -q tests/unit/test_sc26_ae_artifact_manifest.py tests/unit/test_sc26_ae_seal_qualification.py tests/unit/test_sc26_ae_package_prebaked.py
........................................................................ [ 76%]
......................                                                   [100%]
94 passed in 7.09s
