ARTIFACT_HASH path=SC26-AE/lib/task3_simulation.sh bytes=66103 sha256=16945393e37554b921d9b9f534fcf33e9f35ace89e7a541d1e344f2461aba701
ARTIFACT_HASH path=tests/integration/test_sc26_ae_task3_portability.sh bytes=16746 sha256=07b816a32a8b275d81f96be158b2e262b4d85f5dd23a4979e644c6b2857a9695
ARTIFACT_HASH path=tests/e2e/test_sc26_ae_clean_clone_replay.sh bytes=7673 sha256=f34e9c07f2cdd214fd896078775d06a9290d69444aa0d72fabae6e751f0fd10b
ARTIFACT_HASH path=SC26-AE/lib/task1_trace.sh bytes=34161 sha256=7e5466abc3a01d5c206cf788bbd9c7d0b742c0841f5ad34528d3c8289a38e69d
ARTIFACT_HASH path=tests/integration/test_sc26_ae_task1_contracts.sh bytes=26670 sha256=834da661d5ac7ec47ee191fdc29b15a8eb7fff7e450058acd174c82b9e70444a
ARTIFACT_HASH path=SC26-AE/tools/package_prebaked.py bytes=46229 sha256=1c910e3e1f865284b5805e21c394ee4a74778d50a53bf11efb160654eda00824
ARTIFACT_HASH path=tests/unit/test_sc26_ae_package_prebaked.py bytes=29613 sha256=7c74661feeb8f868d0558015a6b5cdbe3e2ed637b11fe33c3d31d2f8057f8065
DOCUMENT_HASH path=task_memory/task_2026-07-15_sc26_ae_workflow/plan.md bytes=165687 sha256=7d78f4947d8917334431508b81893e32f128316ca0b9525618194a9994c14a53
DOCUMENT_HASH path=task_memory/task_2026-07-15_sc26_ae_workflow/progress.md bytes=207197 sha256=c4bea48a9599b6cbb63352dec975950fe9ee60f5063ed9ec0985da004a8de39d
DOCUMENT_HASH path=task_memory/task_2026-07-15_sc26_ae_workflow/issues.md bytes=89240 sha256=fe9112fb1bf5e55991e4cef24365f90a4715857e66025a1cc809c13c6c6391f1
DOCUMENT_HASH path=task_memory/task_2026-07-15_sc26_ae_workflow/review.md bytes=171196 sha256=c4ec1627018c042f812a1cf2f4c0b128daf131b66c08a2233101abbb07a87559
DOCUMENT_HASH path=task_memory/task_2026-07-15_sc26_ae_workflow/notes.md bytes=34689 sha256=7ff9a3b2db97a2f1b4975b9205ff626f64be6f37773814defc03a8fba7b6ed57
DOCUMENT_HASH path=task_memory/task_2026-07-15_sc26_ae_workflow/harness.md bytes=16420 sha256=9f740832954e852ae360eadc90624ff28cb0d71ac628396ac058888c7daf0654
DOCUMENT_HASH path=task_memory/task_2026-07-15_sc26_ae_workflow/future.md bytes=4198 sha256=0d775ccfadd3a0c6ac72d23931a90ea88d91fe74ef2802ec3dd57a6bfb7a3641
DOCUMENT_HASH path=task_memory/task_2026-07-15_sc26_ae_workflow/phase10_control_plane_audit_2026-07-19.md bytes=13423 sha256=3cab43bda53b48ad4be5bb93a2888287fa360d1856933d45a7df333e02690471
DOCUMENT_HASH path=task_memory/task_2026-07-15_sc26_ae_workflow/test_report_2026-07-19_session45_control_plane_audit.md bytes=14152 sha256=9bc83d7af4e44a49ab6a3239c99cde2a689acf8a765f7f3ed51012b7d3745ae3
DOCUMENT_HASH path=task_memory/task_2026-07-15_sc26_ae_workflow/test_report_2026-07-19_bounded_validator_repairs.md bytes=17856 sha256=3ee292ecade27a265842c398717efd1acbee2f4961f11b51e5bc495c1a6f7385
ARTIFACT_COUNT=7
DOCUMENT_COUNT=10
SUPPLEMENTAL_HASH path=task_memory/task_2026-07-15_sc26_ae_workflow/test_report_2026-07-19_task2_canonical_containment.md bytes=16247 sha256=a7498d9ce1430b5aa6336249e1a766678972fcadd61e76d4284d6f1d0af8182a
SUPPLEMENTAL_HASH path=task_memory/task_2026-07-15_sc26_ae_workflow/logs/session46-task2-independent-integration-20260719.log bytes=1086 sha256=7b2bbea97c816110d050067a754033b915bf9f150f5eda84fcecaecb19eb718d
SUPPLEMENTAL_HASH path=task_memory/task_2026-07-15_sc26_ae_workflow/logs/session46-task2-independent-smoke-20260719.log bytes=1145 sha256=7dc98413038c9ab89b8f4656f5d0fd6eb2691cc5e6f7d8311e27f13be358c358
SUPPLEMENTAL_HASH path=task_memory/task_2026-07-15_sc26_ae_workflow/logs/session46-fresh-chain-independent-20260719.log bytes=789 sha256=3b230e159ea0c34d21f1bbf943dcf72e69c715e9e101edf1dbdcc33ef6ae815c
SUPPLEMENTAL_HASH path=task_memory/task_2026-07-15_sc26_ae_workflow/logs/session46-clean-clone-independent-20260719.log bytes=1408 sha256=0e64fa6439a1380808304a91507affd477928c29a017c87c5335a354bffcabc0
SUPPLEMENTAL_HASH path=task_memory/task_2026-07-15_sc26_ae_workflow/logs/session46-independent-full-regression-20260719.log bytes=23476 sha256=a01816d3416045865c2476e3ddf6c2bb4c785068d72f2f69317a0ac69d680d8e
ISSUE_HEADINGS_I50_I58=PASS
missing status marker I56 PARTIAL / OPEN
VERIFIER_EXIT=1
VERIFIER_BYTES_PRE_HASH=4057
VERIFIER_SHA256_FINAL=3d46954c14c845323b2c7de576afea569424bc4569883b0dce47917c88ad005f
