model=qwen3_a30b
selected_rank_ids=0,8,16,24,32,40,48,56,64,72,80,88,96,104,112,120,128,136,144,152,160,168,176,184,192,200,208,216,224,232,240,248
selected_rank_count=32
trace_file_count=32
memory_json_count=32
effective_global_batch_size=128
global_batch_size_flag_values=128,128
scaling_min_warmup_iters=3
scaling_profile_iters=1
capture_runtime_fake_gpus_per_node=256
simulation_topology_local_size=8
per_rank_peak_allocated_mb={"0": 3103.01, "104": 2436.15, "112": 2435.23, "120": 2445.07, "128": 2436.76, "136": 2436.15, "144": 2435.23, "152": 2445.07, "16": 3101.48, "160": 2436.76, "168": 2436.15, "176": 2435.23, "184": 2445.07, "192": 2436.76, "200": 2436.15, "208": 2435.23, "216": 2445.07, "224": 3157.16, "232": 3156.55, "24": 3111.93, "240": 3155.62, "248": 3165.5, "32": 2436.76, "40": 2436.15, "48": 2435.23, "56": 2445.07, "64": 2436.76, "72": 2436.15, "8": 3102.4, "80": 2435.23, "88": 2445.07, "96": 2436.76}
maximum_peak_allocated_mb=3165.5
capture_id=qwen3_a30b-20260722T112049Z
capture_elapsed_seconds=706
d16_gate_applicable=true
estimate_basis_rank=0
estimate_rank_count=256
single_rank_elapsed_seconds=16.711929030
estimated_full_seconds=4278.253831680
execution_evidence=runtime_measurement_requires_external_single_gpu_qualification
source_provenance_checked=true
source_provenance_bypassed=false
capture_scope=representative_ep
fresh_capture_gate_threshold_seconds=7200
fresh_capture_gate_result=pass
selected_capture_rank0_elapsed_seconds=16.536402778
d16_preflight_capture_id=qwen3_a30b-20260722T112049Z-preflight
d16_timing_source=independent_rank0_preflight
d16_gate_enforced=false
d16_gate_decision_applied=false
d16_preflight_report_sha256=a0985b3e7b8c5f2f90aa21944e400eac07f9742f42e66021f3a45d7db7259a9d
nsys_rep_path=nsys/qwen3_a30b.nsys-rep
sqlite_path=nsys/qwen3_a30b.sqlite
