model=gpt175b
selected_rank_ids=0,128,256,384,512,640,768,896
selected_rank_count=8
trace_file_count=8
memory_json_count=8
effective_global_batch_size=768
global_batch_size_flag_values=768
scaling_min_warmup_iters=3
scaling_profile_iters=1
capture_runtime_fake_gpus_per_node=8
simulation_topology_local_size=8
per_rank_peak_allocated_mb={"0": 55651.19, "128": 53889.91, "256": 53889.91, "384": 53889.91, "512": 53889.91, "640": 53889.91, "768": 53889.91, "896": 55323.97}
maximum_peak_allocated_mb=55651.19
capture_id=gpt175b-20260722T181829Z
capture_elapsed_seconds=165
d16_gate_applicable=false
estimate_basis_rank=0
estimate_rank_count=8
single_rank_elapsed_seconds=36.581578050
estimated_full_seconds=292.652624400
execution_evidence=runtime_measurement_requires_external_single_gpu_qualification
source_provenance_checked=true
source_provenance_bypassed=false
capture_scope=representative
nsys_rep_path=nsys/gpt175b.nsys-rep
sqlite_path=nsys/gpt175b.sqlite
